(100) 0000000000000000
(101) 0000000000000000
(102) 0000000000000000
(103) 0000000000000000
(104) 0000000000000000
(105) 0000000000000000
(106) 0000000000000000
(107) 0000000000000000
(108) 0000000000000000
(109) 0000000000000000
(10A) 0000000001001000
(10B) 0000000001100101
(10C) 0000000001101100
(10D) 0000000001101100
(10E) 0000000001101111
(10F) 0000000000000000
(110) 0001001010000011
(111) 1001001010111111
(112) 0000000001010111
(113) 0000000001101111
(114) 0000000001110010
(115) 0000000001101100
(116) 0000000001100100
(117) 0000000000100001
(118) 0000000000000000
(119) 0000000000000000
(11A) 0000000000000000
(11B) 0000000000000000
(11C) 0000000000000000
(11D) 0000000000000000
(11E) 1111000000100101
(11F) 0000111111100000
(120) 0000111111101001
(121) 0000111111101110
(122) 0000111111101110
(123) 0000111111101110
(124) 0000111111110100
(125) 0000111111111000
