(3000) 0001001010000011
(3001) 0000111000000000
(3002) 0000111111111101
