(3000) 0001001010000011
(3001) 0001100101111111
(3002) 0101000000000000
(3003) 0101000001100001
(3004) 0000111111111110
(3005) 0000100111111101
(3006) 0000001111111100
(3007) 0000010111111011
(3008) 0000101111111010
(3009) 0000011111111001
(300A) 0000110111111000
(300B) 0000111111110111
(300C) 1100000001000000
(300D) 0100100000010011
(300E) 0100000001000000
(300F) 0010010000010010
(3010) 1010011000010001
(3011) 0110100101111011
(3012) 1110001111110000
(3013) 1001001001111111
(3014) 1001010011111111
(3015) 1100000111000000
(3016) 1000000000000000
(3017) 0011000000001010
(3018) 1011001000001001
(3019) 0111010100000101
(301A) 1111000000110000
(301B) 1111000000100000
(301C) 1111000000100001
(301D) 1111000000100010
(301E) 1111000000100011
(301F) 1111000000100100
(3020) 1111000000100101
(3021) 1111111111111111
(3022) 0000000000000000
(3023) 0000000000000000
(3024) 0000000000000000
(3025) 0000000000000000
(3026) 0000000000000000
(3027) 0000000000000000
(3028) 0000000000000000
(3029) 0000000000000000
(302A) 0000000000000000
(302B) 0000000000000000
(302C) 0000000001100001
(302D) 0000000001100010
(302E) 0000000001100011
(302F) 0000000000000000
