(3000) 0101010010100000
(3001) 0010011000010001
(3002) 1111000000100011
(3003) 0110001011000000
(3004) 0001100001111100
(3005) 0000010000001000
(3006) 1001001001111111
(3007) 0001001001100001
(3008) 0001001001000000
(3009) 0000101000000001
(300A) 0001010010100001
(300B) 0001011011100001
(300C) 0110001011000000
(300D) 0000111111110110
(300E) 0010000000000011
(300F) 0001000000000010
(3010) 1111000000100001
(3011) 1111000000100101
(3012) 0000000000110000
(3013) 0100000000000000
