(3000) 0001001010101111
(3001) 0101001010110000
(3002) 0110011100011111
(3003) 0111011100100000
