(3050) 0010001000000111
(3051) 0010010000000101
(3052) 0101011011100000
(3053) 0001011011000010
(3054) 0001001001111111
(3055) 0000001111111101
(3056) 1111000000100101
(3057) 0000000000000000
(3058) 0000000000000110
